[2J[0;1m!C
[36mA C R O B A S E

[32m┴≤╚А╒╕ ╕╙ ╕╗ ≤╓Ю╚И╓ ║≤═ ╘╛╓╕╗ ≤╓Ю╚И╓ ╚Ю╓ └═⌡═║И╓ ▐°╗═╕╝И╓ (Clubs)

[37mздддддддддддбддддддддддбддддддддддддддддддддддддбдддддддддбддддддддд©
Ё Club      Ё ID       Ё ▌╓╕ё≤                  Ё▌╗ ≤╓Ю╚Ц╙Ё▒╛╓╕╗ ≤╓.Ё
цдддддддддддеддддддддддеддддддддддддддддддддддддедддддддддеддддддддд╢
Ё ACRO      Ё Sysop    Ё ▒╚Б╒═╕╙ ∙≤ёФ⌡╗≤║≤╙     Ё    X    Ё         Ё
цдддддддддддеддддддддддеддддддддддддддддддддддддедддддддддеддддддддд╢
Ё ACRORATE  Ё Sysop    Ё ▒╚Б╒═╕╙ ∙≤ёФ⌡╗≤║≤╙     Ё    X    Ё         Ё
цдддддддддддеддддддддддеддддддддддддддддддддддддедддддддддеддддддддд╢
Ё AI        Ё Handsome Ё ┌═А╓╓·╙ ┐°ёЕ╗·╙        Ё    X    Ё         Ё
Ё           Ё Morgul   Ё ─╒Б╔·╙ ∙╕Г╝╕╛╒≤╙       Ё         Ё    X    Ё
цдддддддддддеддддддддддеддддддддддддддддддддддддедддддддддеддддддддд╢
Ё AIR       Ё Kiwi     Ё ┴Ю╘╚Ц╙ ▐╗≤╘╘А╙         Ё    X    Ё         Ё
Ё           Ё Nipri    Ё ▄Е║╕╙ ▐╗═ё╖Б╒·╙        Ё         Ё    X    Ё
цдддддддддддеддддддддддеддддддддддддддддддддддддедддддддддеддддддддд╢
Ё ANADROMH  Ё Oops     Ё ┌═И╗ ╕╙ ▒╖·╒═И╚·╙      Ё    X    Ё         Ё
цдддддддддддеддддддддддеддддддддддддддддддддддддедддддддддеддддддддд╢
Ё ART       Ё Fredy    Ё ▒╖Г╗╕╙ ▓╘°╗И╓·╙        Ё    X    Ё         Ё
цдддддддддддеддддддддддеддддддддддддддддддддддддедддддддддеддддддддд╢
Ё AUTOMOTO  Ё Bike     Ё ▒°╗≤╜°Её ─╓╚Ю╓═А⌡·╙    Ё    X    Ё         Ё
Ё           Ё Teras    Ё ┐·ёЦ╚╗·╙ │╛²═╗ ═≤╓╓А║·╙Ё    X    Ё         Ё
Ё           Ё ├╕╚      Ё │≤╘Е╒·╙ ┐═≤ё≤╓╚Ф╖╕╛╒╕╙ Ё    ∙    Ё         Ё
цдддддддддддеддддддддддеддддддддддддддддддддддддедддддддддеддддддддд╢
Ё BOOKS     Ё Archmage Ё ┐·ёЦ╚╗·╙ █≤╓÷А║·╙      Ё         Ё    X    Ё
Ё           Ё Helen    Ё └╒Б╓· ▄╚≤≥Б≤           Ё    X    Ё         Ё
Ё           Ё Morgul   Ё ─╒Б╔·╙ ∙╕Г╝╕╛╒≤╙       Ё         Ё    X    Ё
Ё           Ё Nimele   Ё ▒╕╜Е≤ ─╓≤ ╓Ю╘╚╕╖╕Г╒╕╛  Ё         Ё    X    Ё
цдддддддддддеддддддддддеддддддддддддддддддддддддедддддддддеддддддддд╢
Ё CHESS     Ё Monster  Ё ▀═╝А╒·╙ ▐≤╓≤ ═Ю╚А║·╙   Ё         Ё    ∙    Ё
Ё           Ё Valis    Ё │≤  Б╒·╙ ░Ф║≤╙         Ё    ∙    Ё         Ё
цдддддддддддеддддддддддеддддддддддддддддддддддддедддддддддеддддддддд╢
Ё CINEMA    Ё ─lan     Ё A╖Ф╘╚╕╒╕╙ ┴≤╚╘═╓Е║≤╙   Ё    X    Ё         Ё
Ё           Ё FirewomanЁ ▒Е╘╘╛ ▀╖≤╘╚А║·         Ё    X    Ё         Ё
цдддддддддддеддддддддддеддддддддддддддддддддддддедддддддддеддддддддд╢
Ё COMPUTER  Ё Djmelis  Ё ▒╚Б╒═╕╙ ▀°╒═╘╘А║·╙     Ё    X    Ё         Ё
цдддддддддддеддддддддддеддддддддддддддддддддддддедддддддддеддддддддд╢
Ё DXCORNER  Ё Swdxer   Ё ─╗═╘╚°Е⌡·╙ ┌═≤╓╓≤╗Б╒·╙ Ё    X    Ё         Ё
цдддддддддддеддддддддддеддддддддддддддддддддддддедддддддддеддддддддд╢
Ё EDUCATE   Ё Newman   Ё ┴И╘╚≤╙ ▀·╚╗╕╖°╚╗╕╙     Ё    X    Ё         Ё
цдддддддддддеддддддддддеддддддддддддддддддддддддедддддддддеддддддддд╢
Ё PHILOSOFIAЁ Cpower   Ё ▒╖Г╗╕╙ ┐°╛╚°╗≤Е╕╙      Ё    X    Ё         Ё
Ё           Ё Inka     Ё ┌═И╗ ╕╙ ▀╖≤╗║╕Г╗·╙     Ё         Ё    X    Ё
Ё           Ё Wallace  Ё │≤  Б╒·╙ │≤╒≤╘═А⌡·╙    Ё         Ё    ∙    Ё
цдддддддддддеддддддддддеддддддддддддддддддддддддедддддддддеддддддддд╢
Ё FIRSTAID  Ё Dracul   Ё ┌═А╓╓·╙ ┴≤╒═╓╚°╗А║·╙   Ё         Ё    X    Ё
Ё           Ё Helen    Ё └╒Б╓· ▄╚≤≥Б≤           Ё    X    Ё         Ё
цдддддддддддеддддддддддеддддддддддддддддддддддддедддддддддеддддддддд╢
Ё FOREIGN   Ё Palsar   Ё A╓⌡╗Б≤╙ ┴≤╚╘≤╗Ф╙       Ё    X    Ё         Ё
цдддддддддддеддддддддддеддддддддддддддддддддддддедддддддддеддддддддд╢
Ё FORдSALE  Ё Xenios   Ё ▒╚Б╒═╕╙ ∙≤ёФ⌡╗≤║≤╙     Ё    X    Ё         Ё
цдддддддддддеддддддддддеддддддддддддддддддддддддедддддддддеддддддддд╢
Ё GOURMET   Ё Helen    Ё └╒Б╓· ▄╚≤≥Б≤           Ё    X    Ё         Ё
цдддддддддддеддддддддддеддддддддддддддддддддддддедддддддддеддддддддд╢
Ё GRAPHICS  Ё Qluser   Ё ┼╕╛║А╙ ▀≤╓≤Е╕╙         Ё    X    Ё         Ё
цдддддддддддеддддддддддеддддддддддддддддддддддддедддддддддеддддддддд╢
Ё HARDWARE  Ё Diamond  Ё ▀═╝А╒·╙ ■≤╗Е⌡·╙        Ё    X    Ё         Ё
Ё           Ё Bouze    Ё ┴И╘╚≤╙ ─╗≤≥Е⌡·╙        Ё         Ё    X    Ё
цдддддддддддеддддддддддеддддддддддддддддддддддддедддддддддеддддддддд╢
Ё HEARTCAD  Ё Reason   Ё ┴И╘╚≤╙ ▀╕Г╚╘°╒╕╙       Ё    X    Ё         Ё
цдддддддддддеддддддддддеддддддддддддддддддддддддедддддддддеддддддддд╢
Ё HISTORY   Ё └lbereth Ё ▀≤╗║Б╒╒≤ ▒≤ё≤╗А        Ё    X    Ё         Ё
цдддддддддддеддддддддддеддддддддддддддддддддддддедддддддддеддддддддд╢
Ё HUMOR     Ё Ase      Ё ┌═А╓╓·╙ ▒╚≤ё╖╕╛╒Ц╙     Ё         Ё    X    Ё
Ё           Ё Noble    Ё ┐·ёЦ╚╗·╙ ┐Б╒╒═╕╙       Ё    X    Ё         Ё
цдддддддддддеддддддддддеддддддддддддддддддддддддедддддддддеддддддддд╢
Ё INTERNET  Ё Drdoom   Ё ┌═И╗ ╕╙ ┴≤╖╓═А╙        Ё    X    Ё    X    Ё
цдддддддддддеддддддддддеддддддддддддддддддддддддедддддддддеддддддддд╢
Ё LANGUAGE  Ё Stanley  Ё ▐Б╚╗╕╙ ▓╘≤╓╚╕Г╒·╙      Ё    ∙    Ё         Ё
Ё           Ё Morgul   Ё ─╒Б╔·╙ ∙╕Г╝╕╛╒≤╙       Ё    ∙    Ё         Ё
Ё           Ё Vagelis  Ё │≤  Б╒·╙ ▀╖╒А÷╗≤╙      Ё    X    Ё         Ё
цдддддддддддеддддддддддеддддддддддддддддддддддддедддддддддеддддддддд╢
Ё LEXIS     Ё General  Ё ┌═А╓╓·╙ ▐≤╖≤⌡·ё·╚╗Е╕╛  Ё    X    Ё         Ё
цдддддддддддеддддддддддеддддддддддддддддддддддддедддддддддеддддддддд╢
Ё MEDIA     Ё Lpc      Ё ┼≤⌡А╙ ▐≤╓≤ ═И╚·╙       Ё    X    Ё         Ё
цдддддддддддеддддддддддеддддддддддддддддддддддддедддддддддеддддддддд╢
Ё MSDOS     Ё Drdoom   Ё ┌═И╗ ╕╙ ┴≤╖╓═А╙        Ё    X    Ё         Ё
цдддддддддддеддддддддддеддддддддддддддддддддддддедддддддддеддддддддд╢
Ё MUSIC     Ё VenantiusЁ ─÷≤╓А╘═╕╙ ▒≤ё╖А╓·╙     Ё    X    Ё         Ё
Ё           Ё Musican  Ё ▒Ю╚Ц╗·╙ ■═╒═╖╖Е⌡·╙     Ё    X    Ё         Ё
цдддддддддддеддддддддддеддддддддддддддддддддддддедддддддддеддддддддд╢
Ё NAYS      Ё Mirmidon Ё ─╗═╘╚╕╚Б╒·╙ ▓╘А║≤╙     Ё    X    Ё         Ё
Ё           Ё Marge    Ё ┌═И╗ ╕╙ ▀≤╗А╚╕╙        Ё         Ё    ∙    Ё
цдддддддддддеддддддддддеддддддддддддддддддддддддедддддддддеддддддддд╢
Ё NONAME    Ё Xenios   Ё ▒╚Б╒═╕╙ ∙≤ёФ⌡╗≤║≤╙     Ё    X    Ё         Ё
цдддддддддддеддддддддддеддддддддддддддддддддддддедддддддддеддддддддд╢
Ё PBM       Ё Lonewolf Ё ┴И╘╚≤╙ │╒А╘╘·╙         Ё    X    Ё         Ё
цдддддддддддеддддддддддеддддддддддддддддддддддддедддддддддеддддддддд╢
Ё PHOTO     Ё Morgul   Ё ─╒Б╔═╕╙ ∙╕Г╝╕╛╒≤╙      Ё    X    Ё         Ё
цдддддддддддеддддддддддеддддддддддддддддддддддддедддддддддеддддддддд╢
Ё POETRY    Ё Papa     Ё                        Ё    X    Ё         Ё
цдддддддддддеддддддддддеддддддддддддддддддддддддедддддддддеддддддддд╢
Ё PSYCHO    Ё Ase      Ё ┌═А╓╓·╙ ▒╚≤ё╖╕╛╒Ц╙     Ё    X    Ё         Ё
цдддддддддддеддддддддддеддддддддддддддддддддддддедддддддддеддддддддд╢
Ё QUIZ      Ё+Infant   Ё                        Ё         Ё         Ё
Ё           Ё Anteater Ё ├╒Е≤╙ ─÷≤╓≤╘Ф╖╕╛╒╕╙    Ё    X    Ё         Ё
цдддддддддддеддддддддддеддддддддддддддддддддддддедддддддддеддддддддд╢
Ё RAINBOW   Ё Beerman  Ё ┌═И╗ ╕╙ ─╛ ╕╛╘╚Е⌡·╙    Ё    ∙    Ё         Ё
Ё           Ё Melvin   Ё ▀А╗÷≤ ∙≤ёФ⌡╗≤║≤        Ё         Ё    ∙    Ё
цдддддддддддеддддддддддеддддддддддддддддддддддддедддддддддеддддддддд╢
Ё REVIEW    Ё Amigirl  Ё ▓Е╓≤                   Ё    X    Ё         Ё
цдддддддддддеддддддддддеддддддддддддддддддддддддедддддддддеддддддддд╢
Ё RPG       Ё CyberpunkЁ ∙╗Ц╘╚╕╙ ▐≤╒·╕ ═И╗ ╕╙   Ё    ∙    Ё         Ё
Ё           Ё Silwen   Ё ▀≤╗Е╓≤ ┘≤╓╓А╗≤         Ё         Ё    X    Ё
цдддддддддддеддддддддддеддддддддддддддддддддддддедддддддддеддддддддд╢
Ё SCIENCE   Ё Alan     Ё A╖Ф╘╚╕╒╕╙ ┴≤╚╘═╓Е║≤╙   Ё    ∙    Ё         Ё
Ё           Ё Monster  Ё ▀═╝А╒·╙ ▐≤╓≤ ═Ю╚А║·╙   Ё    ∙    Ё         Ё
цдддддддддддеддддддддддеддддддддддддддддддддддддедддддддддеддддддддд╢
Ё SMILE     Ё Elbereth Ё ▀≤╗║Б╒╒≤ ▒≤ё≤╗А        Ё    X    Ё         Ё
цдддддддддддеддддддддддеддддддддддддддддддддддддедддддддддеддддддддд╢
Ё SPORTS    Ё          Ё                        Ё         Ё         Ё
цдддддддддддеддддддддддеддддддддддддддддддддддддедддддддддеддддддддд╢
Ё STARTREK  Ё Lonewolf Ё ┴И╘╚≤╙ │╒А╘╘·╙         Ё    X    Ё         Ё
цдддддддддддеддддддддддеддддддддддддддддддддддддедддддддддеддддддддд╢
Ё STUDENT   Ё Newman   Ё ┴Ю╓╘/╓╕╙ ▀·╚╗╕╖Б╚╗╕╙   Ё    X    Ё         Ё
цдддддддддддеддддддддддеддддддддддддддддддддддддедддддддддеддддддддд╢
Ё TODAY     Ё Xenios   Ё ▒╚Б╒═╕╙ ∙≤ёФ⌡╗≤║≤╙     Ё    ∙    Ё         Ё
Ё           Ё Kalamata Ё ┐═╕╓Г╘·╙ ▒╚°╜≤╓Ф╖╕╛╒╕╙ Ё         Ё    X    Ё
цдддддддддддеддддддддддеддддддддддддддддддддддддедддддддддеддддддддд╢
Ё TRAVEL    Ё Xenios   Ё ▒╚Б╒═╕╙ ∙≤ёФ⌡╗≤║≤╙     Ё    X    Ё         Ё
Ё           Ё Wallace  Ё │≤  Б╒·╙ │≤╒≤╘═А⌡·╙    Ё         Ё    ∙    Ё
цдддддддддддеддддддддддеддддддддддддддддддддддддедддддддддеддддддддд╢
Ё UNIX      Ё ▀orgul   Ё A╒Б╔═╕╙ ∙╕Г╝╕╛╒≤╙      Ё    ∙    Ё         Ё
цдддддддддддеддддддддддеддддддддддддддддддддддддедддддддддеддддддддд╢
Ё UPLOAD    Ё Monster  Ё M═╝А╒·╙ ▐≤╓≤ ═Ю╚А║·╙   Ё    X    Ё         Ё
цдддддддддддеддддддддддеддддддддддддддддддддддддедддддддддеддддддддд╢
Ё USERS     Ё Elbereth Ё ▀≤╗║Б╒╒≤ ▒≤ё≤╗А        Ё    X    Ё         Ё
цдддддддддддеддддддддддеддддддддддддддддддддддддедддддддддеддддддддд╢
Ё WINDOWS   Ё Drdoom   Ё ┌═И╗ ╕╙ ┴≤╖╓═А╙        Ё    X    Ё         Ё
юдддддддддддаддддддддддаддддддддддддддддддддддддадддддддддаддддддддды
!)