[2J[0;1m
!C                                     [0;1;34m±±±                             
[33mЬЫЫЫЫЫЫЫЬЫЫЫ ЬЫЫЫЫЫЫЫЫЫЬ [34m±±±±±±±±±±[33mЬЫЫЫЫЫЫЫЫЫЬ
ЫЫЫ     ЯЫЫЫ ЯЯЯ     ЫЫЫ [34m±±±       [33mЫЫЫ     ЫЫЫ
ЫЫЫ      ЫЫЫ ЬЫЫЫЫЫЫЫЫЫЫ [34m±±±       [33mЫЫЫЫЫЫЫЫЫЫЫ
ЯЫЫЫЫЫЫЫЫЫЫЫ ЫЫЫ     ЫЫЫ [34m±±±       [33mЫЫЫ     ЬЬЬ
         ЫЫЫ ЯЫЫЫЫЫЫЯЫЫЫ  [34m±±±      [33mЯЫЫЫЫЫЫЫЫЫЯ
ЬЬЬЬ     ЫЫЫ                                 
ЯЫЫЫЫЫЫЫЫЫЫЯ[34m±±±±±±±±±±±±±±±±±±±±±±±±±±±±±±±±±±

[31mGreek Advanced Telecommunication Environment

[37m‚¤аЁе©«њ «ћ¤ §ўћЁв©«њЁћ „ўўћ¤ Ўг «Ёб§њќ §ўћЁ¦­¦Ё й¤, љ¤аЁе©«њ «¦¤ Јљ Ўж
Ўж©Ј¦ «ћЄ [33mG.A.T.E. [37mЎ  « Є §¦ўўвЄ §Ёњ®жЈњ¤њЄ ¬§ћЁњ©ењЄ «ћЄ.

[32m11 љЁЈЈвЄ data, §¦ўўб Clubs, «ћўњ©¬¤¦Ј ўењЄ, 4.5 GB online Ё®ње,
Internet Mail, Unix Sub-board, Multi user games, outcalls, bulletins, Ўў§.

[37mData: ‰в¤«Ё¦ [36m2111700[37m Ў  [36m2111701[37m аЄ [36m2111711[37m (14400 bps)
[33mInternet Domain: acrogate.ath.forthnet.gr
E-Mail: root@@acrogate.ath.forthnet.gr

[37mѓ њзџ¬¤©ћ ”аЎеа¤¦Є ЊвљЁћ 62, Ђџг¤ 113 61    ’ћў. 2919199    Fax. 2916176
!)
[0;1m
