[2J
!J[0;1mУзсиожмд Ьдлжвтк лак жзжхЬк гзжиЬхлЬ дШ ЫщйЬлЬ [32mжзжмЫузжлЬ[37m
бШа сд ЬхйлЬ гтйШ йлж йчйлЮгШ.!)

                     [33m/#[37m  !i!WГЬходЬа цвжмк лжмк оиуйлЬк зжм ЬхдШа Шмлу лЮ
йлаЪгу ймдЫЬЫЬгтджа бШЯщк бШа лЮд зЬиажоу лжм ймйлугШлжк йлЮд жзжхШ
ЩихйбждлШа.!)
!0l
[33m/p <ЦЬмЫщдмгж> <гудмгШ>[37m  !i!WЙШвЬхлЬ бсзжажд оиуйлЮ йлжд жзжхж бШа
ШзжйлтвЬлЬ лж гЮдмгс йШк. ГЬд оиЬасЭЬлШа дШ ЪиспЬлЬ лж звуиЬк пЬмЫщдмгж,
Шибжчд лШ лихШ зищлШ ЪисггШлШ. ГщйлЬ йбтлж [33m/p[37m ЪаШ зЬиаййцлЬиЬк
жЫЮЪхЬк.!)
!0l
         [33m/r <ЦЬмЫщдмгж>[37m  !i!WБвтзЬлЬ лШ йлжаоЬхШ зжм тоЬа ЫщйЬа ж
оиуйлЮк.!)
!0l
                     [33m/t[37m  !i!WБвтзЬлЬ ЮгЬижгЮдхШ бШа щиШ.!)
!0l
                     [33m/$[37m  !i!WСШк ЫЬходЬа лжд оицдж зжм ЬхйлЬ ймдЫЬгтджк
бШа лж зжйц лжм оицджм зжм йШк ШзжгтдЬа.!)
!0l
                [33m/cookie[37m  !i!WБвтзЬлЬ лШ Ъдрйлс зШдтемздШ иЮлс у иуйЬак
(cookies) Шзц гхШ database 600 Kb.!)
!0l
          [33m/Recent[37m у [33m/rc[37m  !i!WЙШлсвжЪжк оиЮйлщд зжм тожмд
ШзжймдЫЬЯЬх. ЛзжиЬхлЬ ЬзхйЮк дШ ЫщйЬлЬ [33m/rc 10[37m ЪаШ дШ ЫЬхлЬ лак лЬвЬмлШхЬк
ЫтбШ ймдЫтйЬак, у дШ ЫщйЬлЬ [33m/rc Sysop[37m ЪаШ дШ ЫЬхлЬ лак лЬвЬмлШхЬк ймдЫтйЬак
лжм оиуйлЮ Sysop. ГщйлЬ [33m/rc help[37m Шд ЯтвЬлЬ зЬиаййцлЬиЬк
звЮижнжихЬк.!)
!0l
        [33m/License[37m у [33m/gpl[37m  !i!WОижа лжм GNU Public
License, лЮк сЫЬаШк оиуйЮк лжм ЛЬЪхйлжм (йлШ АЪЪвабс). Оа цижа Шмлжх ЫЬд ЫЬйгЬчжмд
лжмк оиуйлЬк лЮк ЩсйЮк Шввс лж 'зижйрзабц' лЮк, оЬаиайлтк ймйлугШлжк,
зижЪиШггШлайлтк, бвз. Ж Ьдлжву Шмлу мзсиоЬа ЪаШлх лж ЭЮлсЬа Ю хЫаШ Ю сЫЬаШ
оиуйЮк.!)
!0l
   [33m/Rules[37m у [33m/Conditions[37m  !i!WЙШдждайгцк оиуйЮк лЮк
[36mAcroBase[37m. ОнЬхвЬлЬ дШ тоЬлЬ ЫаШЩсйЬа лж зШицд ШиоЬхж. Ж зШижмйхШ йШк йлЮ
ЩсйЮ айжЫмдШгЬх гЬ ШзжЫжоу лрд цирд лжм бШлШйлШлабжч гШк.!)
!0l
