[2J[0;30;47m [1;37mÚÄÄÄÄÄÄÄÄÄÄÄÄÄÄÄÄÄÄÄÄÄÄÄÄÄÄÄÄÄÄÄÄÄÄÄÄÄÄÄÄÄ[0;30;47m¿ [40m
[47m [1;37m³         [0;30;47m¢ž¨¦­¦¨åœª ‘¬©«ã£˜«¦ª          ³ [40m
[47m [1;37m³  [0;30;47mÄÄÄÄÄÄÄÄÄÄÄÄÄÄÄÄÄÄÄÄÄÄÄÄÄÄÄÄÄÄÄÄÄÄÄÄÄ  ³ [40m
[47m [1;37m³  [0;31;47m1  [34mŠåš˜ ¢æš ˜ š ˜ œ£áª                 [30m³ [40m
[47m [1;37m³  [0;31;47m2  [34m’¦ ®Ÿœª «¦ ©ã£œ¨˜ ¡˜  «¦ ˜ç¨ ¦      [30m³ [40m
[47m [1;37m³  [0;31;47m3  [34mŽ  ©¬¤«œ¢œ©«âª «žª €croBase         [30m³ [40m
[47m [1;37m³  [0;31;47m4  [34mO  ©¬¤œ¨šá«œª £˜ª ¦¨š˜¤à«âª         [30m³ [40m
[47m [1;37m³  [0;31;47m5  [34m¢ž¨¦­¦¨åœª š ˜ «¦ ƒå¡«¬¦ [1;33mG.A.[0;34;47mT[1;33m.E.  [0;30;47m³ [40m
[47m [1;37m³  [0;31;47m6  [34m‹œ¨ ¡âª ®¨ã© £œª œ¤«¦¢âª            [30m³ [40m
[47m [1;37m³  [0;31;47m7  [34màª ¤˜ šå¤œ«œ ©¬¤›¨¦£ž«ãª           [30m³ [40m
[47m [1;37m³  [0;31;47m8  [34m‰˜¤¦¤ ©£æª Šœ «¦¬¨šå˜ª              [30m³ [40m
[47m [1;37m³  [0;31;47m9  [34mMegistos GNU Public License         [30m³ [40m
[47m [1;37mÀ[0;30;47mÄÄÄÄÄÄÄÄÄÄÄÄÄÄÄÄÄÄÄÄÄÄÄÄÄÄÄÄÄÄÄÄÄÄÄÄÄÄÄÄÄÙ [40m
