[2J[0;30;47m [1;37mÚÄÄÄÄÄÄÄÄÄÄÄÄÄÄÄÄÄÄÄÄÄÄÄÄÄÄÄÄÄÄÄÄÄÄÄÄ[0;30;47m¿ [40m
[47m [1;37m³      [0;30;47m¦žŸž« ¡æ £œ¤¦ç œ§ ¢¦šé¤      ³ [40m
[47m [1;37m³  [0;30;47mÄÄÄÄÄÄÄÄÄÄÄÄÄÄÄÄÄÄÄÄÄÄÄÄÄÄÄÄÄÄÄÄ  ³ [40m
[47m [1;37m³  [0;31;47mN  [34mNotify (œ ›¦§¦åž©ž ©ç¤›œ©žª)   [30m³ [40m
[47m [1;37m³  [0;31;47mQ  [34m„¤ ˜å˜ ˜¤áš¤à©ž £ž¤¬£á«à¤      [30m³ [40m
[47m [1;37m³  [0;31;47mM  [34m€¤áš¤à©ž £ž¤¬£á«à¤ §¨¦ª œ©áª   [30m³ [40m
[47m [1;37m³  [0;31;47mP  [34m€¤áš¤à©ž §¨¦©à§ ¡é¤ £ž¤¬£á«à¤  [30m³ [40m
[47m [1;37m³  [0;31;47m&  [34m’å«¢¦  ¤âà¤ £ž¤¬£á«à¤          [30m³ [40m
[47m [1;37m³  [0;31;47m$  [34m€¢¢˜šã ©¬¤Ÿã£˜«¦ª (Password)   [30m³ [40m
[47m [1;37m³  [0;31;47m%%  [34m‹æ¤¦ š ˜ ¤â˜ £â¢ž, › ˜£æ¨­à©ž  [30m³ [40m
[47m [1;37m³     [0;34;47m«žª œ¤ ˜å˜ª ˜¤áš¤à©žª Clubs    [30m³ [40m
[47m [1;37mÀ[0;30;47mÄÄÄÄÄÄÄÄÄÄÄÄÄÄÄÄÄÄÄÄÄÄÄÄÄÄÄÄÄÄÄÄÄÄÄÄÙ [0;1m
