[2J[0;1m[32mТж зШиЬвЯцд[37m

!JЖ Ъдрйлу йШк зас [36mAcroBase[37m еЬбхдЮйЬ лж 1988 йШд [36mAcrosoft
BBS[37m йлЮиаЭцгЬдЮ йлж... Host mode лжм Procomm Plus! КхЪжмк гудЬк
ШиЪцлЬиШ бШа осиЮ йлЮд ШдлШзцбиайЮ лрд оиЮйлщд йлс зищлШ гШк ЫЬавс ЩугШлШ
ЪЬддуЯЮбЬ Ю [36mAcrobase[37m рк бШдждабу ЩсйЮ звтжд йлЮиаЭцгЬдЮ йлж
PCBoard v10. Ж звЮЯщиШ лрд оиЮйлщд бШа жа жвжтдШ ШмеШдцгЬдЬк ШдсЪбЬк лЮк
Acrobase гШк ШдсЪбШйШд, теа гудЬк гЬлс, дШ гЬлШнЬиЯжчгЬ йлж Ъдрйлц RBBS-PC
v17.1.!)

!JСлак 15 СЬзлЬгЩихжм 1990, Ю [36mAcroBase[37m тбШдЬ тдШ гЬЪсвж ЩугШ
гзижйлс, оиЮйагжзжащдлШк лж Major BBS, тдШ гЬЪсвж зицЪиШггШ, зШЪбжйгхрк
ШдШЪдриайгтдж, гЬ гЬЪсвЬк ЫмдШлцлЮлЬк, зжм гШк ЬзтлиЬпЬ дШ бсджмгЬ лШ цдЬаис
гШк зиШЪгШлабцлЮлШ бШа дШ оШисежмгЬ тдШ дтж Ыицгж ЪаШ лЮд лЮвЬзвЮижнжиабу
йлЮд зШлихЫШ гШк.!)


[32mТж ПШицд[37m

!JАзц лак 8 АмЪжчйлжм 1998 Ю [36mAcroBase[37m вЬалжмиЪЬх г'тдШ 'Ыабц' лЮк
зицЪиШггШ нлаШЪгтдж ЪаШ лак ШдсЪбЬк лЮк ДввЮдабук зиШЪгШлабцлЮлШк, Шзц лжд
ХЬаиайлу гШк Автеаж ХжчожмвШ, бслр Шзц лж вЬалжмиЪабц Linux: лжд ЛтЪайлж. Оа
ЫмдШлцлЮлЬк лжм зижЪисггШлжк Шмлжч еЬзШаиджчд зжввтк Шзц лак гтоиа лщиШ
ШЫмдШгхЬк лрд Ьгзжиабщд (бШа гЮ) зижЪиШггслрд, Ьдщ Ю ЬвЬчЯЬиЮ бШа Шджаблу
(open-source software у freeware) сЫЬаШ оиуйЮк лжм ЬвЬмЯЬищдЬа лж йчйлЮгШ
Шзц зЬиажиайлабжчк бШа зШисвжЪжмк цижмк. ТШмлцоиждШ, ШджхЪЬа лШ нлЬис лЮк
ЩсйЮк гШк йлж ЬзцгЬдж ЩугШ гШк, лЮд йчдЫЬйЮ гШк гЬ лж Internet.!)


[32mТж гтввжд[37m

!JТж сджаЪгШ лЮк [36mAcroBase[37m бШа Ю ЫмдШлцлЮлШ йчдЫЬйЮк гтйр telnet бШа лжм
World Wide Web Шзц лж Internet, нтидЬа лЮд ЩсйЮ гШк бждлс йЬ тдШд гЬЪсвж
ШиаЯгц оиЮйлщд гШк зжм йугЬиШ у йзжмЫсЭжмд йлж ЬерлЬиабц бШа йлЮд ЬзШиохШ у
тожмд еЬбадуйЬа ЬзШЪЪЬвгШлабу бШиатиШ гШбимс Шзц лЮд АЯудШ. ПицЯЬйЮ гШк ЫЬд
ЬхдШа дШ ЪхджмгЬ тдШ ШбцгШ Шзицйрзж Internet site, Шввс Ю [36mAcroBase[37m
дШ ШЪбШвасйЬа цвШ лШ зШаЫас лЮк цзжм бШа дШ ЩихйбждлШа.!)

!JЖ [36mAcroBase[37m гЬ лак габитк лЮк ЫмдсгЬак, бШлснЬиЬ (зайлЬчжмгЬ) дШ
ЫщйЬа тдШ ЫаШнжиЬлабц вцЪж йлак ДввЮдабтк ТисзЬЭЬк звЮижнжиащд бШа дШ жихйЬа
лак тдджаЬк лжм ЮвЬближдабжч вцЪжм бШа ЫаШвцЪжм.!)

!JЖ ймгзШисйлШйак лрд гЬвщд йт цвЮ лЮд ЫасибЬаШ лЮк вЬалжмиЪхШк лЮк
[36mAcroBase[37m улШд бШа ЯШ зШиШгЬхдЬа лж гЬЪсвж лЮк цзвж.!)
