[2J[1;32mТШ лЬодабс оШиШблЮиайлабс[37m

!JЖ ТисзЬЭШ ПвЮижнжиащд йлЮд жзжхШ ЩихйбЬйлЬ Шмлу лЮ йлаЪгу литоЬа бслр Шзц
лж вЬалжмиЪабц йчйлЮгШ Linux, гЬ лж зицЪиШггШ ЛтЪайлжк лжм Автеажм ХжчожмвШ
йЬ тдШд мзжвжЪайлу AMD K6/233 MHz, гЬ 64 Mbytes RAM бШа йбвЮижчк Ыхйбжмк 2.4
Gbytes.!)

!JТж зицЪиШггШ MтЪайлжк тоЬа ЫмдШлцлЮлШ йчдЫЬйЮк ШзЬиажихйлрд оиЮйлщд,
ЬхдШа нлаШЪгтдж ЪаШ лЮд ДввЮдабу зиШЪгШлабцлЮлШ бШа мзжйлЮихЭЬа ШмлцгШлЮ
гЬлсниШйЮ лрд ДввЮдабщд ДКОТ/ИSO Шзц бШа зижк брЫабжйЬвхЫЬк 437, 737, 7bit
ASCII бвз.!)

!JУзжйлЮихЭЬа лЮвЬймджгавхЬк, ЮвЬближдабц лШомЫижгЬхж, ШиоЬажЯубЬк,
online internet mail, йчдЫЬйЮ гтйр telnet, ЬаЫабтк зЬиажотк ймЭЮлуйЬрд
(clubs), mailer ЪаШ off-line ШдсЪдрйЮ гЮдмгслрд, news, infos, gallops,
online games бвз.!)


[32mОа зирлЬиЪслЬк[37m

!JЖ гу бЬиЫжйбжзабу лисзЬЭШ звЮижнжиащд [36m@BBS@[37m ЫЮгажмиЪуЯЮбЬ лжд
ФЬЩижмсиаж лжм 1988 Шзц лжд Слтваж ХШгцЫиШбШ, гЬ йбжзц лЮд зижщЯЮйЮ лЮк
лЮвЬзвЮижнжиабук йлЮд ДввсЫШ.!)

!JТж ЬзхзЬЫж зжм тоЬа Шмлу лЮ йлаЪгу Ю [36m@BBS@[37m лж жнЬхвЬа йлЮд
гЬЪсвЮ зиШЪгШлабс ЩжуЯЬаШ зжм зижйтнЬиЬ гаШ жгсЫШ ЬбвЬблщд ймдЬиЪШлщд.
ЗЬрижчгЬ оитжк гШк лЮд ШдШнжис лрд жджгслрд лрд ймдЬиЪШлщд гШк зжм йЬ жиаШбс
йЮгЬхШ зицйнЬиШд ШзвцоЬиШ лЮд зижйрзабу лжмк ШЪсзЮ бШа ймгЩжву.!)

!4i!J[32mВасддЮк ГЬгхиЮк (Handsome)[37m, ФжалЮлук ЫаЫШблжиабжч ТЬодЮлук джЮгжйчдЮк
йлж зШдЬзайлугаж лжм ДЫагЩжчиЪжм, жиЪсдрйЬ гЬиабс Шзж лШ зищлШ Clubs йлЮд
[36mAcro[37m бШа нмйабс улШд лШ зищлШ йжЩШис ДввЮдабс Clubs. Паж йЮгШдлабц
Шзц Шмлс, лж лЮк ТЬодЮлук МжЮгжйчдЮк, ШзжйзсйгШлШ лжм жзжхжм тожмгЬ ШбцгШ
йлж /AI Club. ДзхйЮк йлуиаеЬ бШа хЫимйЬ гЬиабс ШбцгШ Clubs, цзрк лж /C,
/Science, /Smile бШа сввШ. Тж 1989 лагук тдЬбЬд ЪаШ лЮд зжвч гЬЪсвЮ зижйнжис
лжм йлЮд ЩсйЮ тЪадЬ оЬаиайлук СмйлугШлжк.!)

!0l!4i!J[32mСзчижк ГЬмлЬиШхжк (CPower)[37m, нжалЮлук аШлиабук йЬ
ЬаЫабцлЮлШ лЮвЬфШлиабук йлж ПШдЬзайлугаж АЯЮдщд, гШЭх гЬ лжд ВасддЮ ГЬгхиЮ
зиШЪгШлабс ЫЮгажчиЪЮйШд тдШ ЬбзвЮблабц ЫхЫмгж зжм ШдтЩШйЬ лжмк зжажлабжчк
ЫЬхблЬк лЮк ЩсйЮк. Смд-ЫЮгажмиЪцк лжм /C club бШа ЫЮгажмиЪцк бШа жиЪШдрлук
лжм ФавжйжнхШ Club, Ьдцк Club зжм ЬмлчоЮйЬ дШ тоЬа гЬиабтк ЬбзвЮблабтк
ймЭЮлуйЬак жа жзжхЬк навжеЬджчгЬ лщиШ йлж Club /Philosofia. ДзхйЮк лж 1989
тЪадЬ лагук тдЬбЬд ХЬаиайлук СмйлугШлжк.!)

!0l!4i!J[32mВащиЪжк СзЮващлЮк (Oops)[37m, жвжбвЮищдЬа уЫЮ лЮд ЫаЫШблжиабу лжм
ЫаШлиаЩу йлж Keele University, жиЪШдрлук лрд /Pascal бШа /Anadromh Club,
ЫЮгажчиЪЮйЬ лж зицЪиШггШ лжм зищлжм ДввЮдабжч Ыаблчжм Hellas Net гЬ тЫиШ лЮд
[36mAcroBase[37m. Ж зжвчлагЮ зижйнжис лжм бШа йлШ Clubs бШа йлЮд ЩсйЮ бШа
йлж Ыхблмж улШд гждШЫабтк. ДзхйЮк лж 1989 лагук тдЬбЬд тЪадЬ ХЬаиайлук
СмйлугШлжк. (ID Oops).!)

!0l!4i!J[32mГЮгулиЮк Гтвважк (Noble)[37m, Шзцнжалжк лжм Southeastern College,
еЬбхдЮйЬ лЮд ЫисйЮ лжм йлЮд AcroBase рк гждШЫабцк жиЪШдрлук Ьдцк темзджм
/Humor Club зжм тЪиШпЬ лЮд Ыабас лжм айлжихШ. ЛждШЫабцк ймджгавЮлук йЬ
цвШ лШ Clubs лЮк ЩсйЮк тЪадЬ ХЬаиайлук СмйлугШлжк лж 1989.!)

!0l!4i!J[32mАвтеШдЫижк ЛжчбШк (Moukas)[37m, Шзцнжалжк лжм Deree,
бслжожк MSc йлЮд ТЬодЮлу МжЮгжйчдЮ (АИ) Шзц лж зШдЬзайлугаж лжм ДЫагЩжчиЪжм
бШа нжалЮлук PhD йлж MIT. О гЬЪсвжк ймдлЬвЬйлук йлЮд ЫЮгажмиЪхШ лжм Габлчжм
[33mG.A.[34mT[33m.E.[37m, Шнжч орихк бШгас зижжзлабу зижйтнЬиЬ лШ
ШдШЪбШхШ бЬнсвШаШ ЪаШ лЮд ЫЮгажмиЪхШ лЮк. Дзхлагжк ХЬаиайлук йлЮд
[36mAcroBase[37m Шзц лж 1991 бШа ШдлазицЬЫижк лжм ГС лЮк ЬлШаихШк гШк.!)

!0l!4i!J[32mАдлщдЮк СагрдхЫЮк (Kurgan)[37m, Шзцнжалжк лжм Southeastern
College. ЖлШд гждШЫабу Ю ймгЩжву лжм йлЮд гЬлсниШйЮ лжм зижЪисггШлжк Major
BBS йлШ ДввЮдабс, гаШ зжвч бжзаШйлабу ЫжмвЬас зжм лЮд тнЬиЬ йЬ Шхйажд
зтиШк. ГЮгажмиЪцк лжм /Music Club лЮк ЩсйЮк бШа Ьзхлагжк ХЬаиайлук Шзж лж
1990.!)

!0l!4i!J[32mАдЫитШк Адлрдцзжмвжк (Marvin)[37m, Шзцнжалжк лжм City
University лжм КждЫхджм, жиЪШдрлук лжм /Pascal Club бШа зжвчлагжк ймдЬиЪслЮк
йлЮд гЬлШнжис лрд ЫЬЫжгтдрд Шзц лж зШвац гШк зицЪиШггШ RBBS йлж Major.
ЛждШЫабу лжм Ю ймгЩжву йлЮд ЬЪбШлсйлШйЮ лжм Major BBS.!)

ЙШа Шк твЯжмгЬ йлЮд ЬзцгЬдЮ ЪЬддас лрд ймдЬиЪШлщд гШк:

!0l!4i!J[32mАвтеажк ХжчожмвШк (Morgul)[37m, Шзцнжалжк гЬ BSc Honours йлЮд
ТЬодЮлу МжЮгжйчдЮ бШа ПвЮижнжиабу Шзц лж зШдЬзайлугаж лжм ДЫагЩжчиЪжм бШа
лщиШ ЬиЬмдЮлук ЪаШ лж лгугШ ТЬодЮлук МжЮгжйчдЮк лжм зШдЬзайлЮгхжм. Ж
ЬбзвЮблабу лжм зШижмйхШ йлШ Clubs /Photo (лжм жзжхжм улШд жиЪШдрлук) бШа
/Pascal, Ю ймдЬоук ЬЪЪиШну сиЯирд бШа Ю ймггЬлжоу лжм йЬ цвЬк лак
ЫиШйлЮиацлЮлЬк лЮк [36mAcroBase[37m лжд жЫуЪЮйШд ЬзсеаШ йлЮд ЯтйЮ лжм
ЬдЬиЪжч ХЬаиайлу СмйлугШлжк лЮк AcroBase лж 1992. ТЮд хЫаШ оиждас
ЫЮгажчиЪЮйЬ ЬбзвЮблабтк дтЬк зЬиажотк лЮк ЩсйЮк. ЛЬиабтк Шзж Шмлтк ЬхдШа: лж
ШдШЪдрйлуиаж сиЯирд (bulletins), Ю зЬиажоу ЫаШЪрдайгщд бШа йнмЪгжгЬлиуйЬрд
(gallops), лж Recent, ж Off-line Mailer, лШ Cookies, лЬвЬмлШхШ дтШ бШа
звЮижнжихЬк ймйлугШлжк. Ж [36mAcroBase[37m сввШеЬ лЬвЬхрк зижйрзж гЬ лак
ЬбзвЮблабтк лжм ЬзЬгЩсйЬак йлж зицЪиШггШ лЮк ЩсйЮк. СугЬиШ ЫЮгажмиЪцк лжм
зижЪисггШлжк ЛтЪайлжк зжм литоЬа Ю [36mAcroBase[37m, Ьдцк зижЪисггШлжк зжм
оиЬасйлЮбЬ лЬййЬиШ оицдаШ ЪаШ дШ жвжбвЮирЯЬх, тнЬиЬ лЮд АcroBase йлЮд ШнЬлЮихШ
лжм 21жм ШащдШ бШа лж ДввЮдабц BBSing тдШ лЬисйлаж свгШ гзижйлс. Ж ймгЩжву
лжм ШзжлЬвЬх лжд заж йЮгШдлабц йлШЯгц йлЮд Acro. Азц лж 1995 ЬхдШа гтвжк
лжм Г.С. лЮк ЬлШаихШк гШк.!)

!0l!4i!J[32mБШЪЪтвЮк ЛзвсЯиШк (Vagelis)[37m, Ьзх злмохр нжалЮлук
Фмйабук лжм ПШдЬзайлЮгхжм АЯЮдщд, жиЪШдрлук лжм /C club бШа ХЬаиайлук
СмйлугШлжк лЮк [36mAcroBase[37m Шзц лж 1992.  ЛждШЫабу бШа Ю Ыабу лжм
зижйнжис йлЮд ШдсзлмеЮ лЮк ЩсйЮк, ЬеШхиЬлжк ймдЬиЪслЮк йЬ цвЬк лак нсйЬак
лЮк вЬалжмиЪхШк лЮк [36mAcroBase[37m.  Азц лж 1993 ЬхдШа ж ШзжбвЬайлабцк
ХЬаиайлук лЮк ШЫЬвнук ЩсйЮк [33mG.A.[34mT[33m.E.[37m гЬ спжЪж лицзж бШа
оШхиЬа лЮк ЬблагуйЬрк цврд лрд оиЮйлщд лжм.  Азц лж 1995 ЬхдШа ВЬдабцк
ВиШггШлтШк лЮк ЬлШаихШк гШк.!)

!0l!4i!J[32mКжмбск ЛШдШхжк (QLUser)[37m, Шзцнжалжк лжм Deree бШа
бслжожк MSc ТЬодЮлук МжЮгжйчдЮк Шзц лж ПШдЬзайлугаж лжм Essex, ЭЬа бШа
ЬиЪсЭЬлШа йлЮд БиЬлШдхШ рк computer consultant гШЭх гЬ лжд АдлитШ
Адлрдцзжмвж (Marvin). ХЬаиайлук ймйлугШлжк Шзц лж 1992-93, гЬ зжвч йЮгШдлабу
зШижмйхШ йЬ цвЬк лак вЬалжмиЪхЬк лЮк ЩсйЮк. Пжвчлагжк нхвжк бШа ймдЬиЪслЮк,
зижйнтиЬа ШЯцимЩШ йлЮд [36mAcroBase[37m. Азц лж 1995 ЬхдШа гтвжк лжм Г.С.
лЮк ЬлШаихШк гШк.!)

!0l!4i!J[32mЙрйлук ПиШййск (Kiwi)[37m, жиЪШдрлук лжм AIR Club лЮк ЩсйЮк
гЬ гждШЫабц ймЪЪиШнабц тиЪж ШигжЫацлЮлШк лжм Club лжм. ГЮгажмиЪцк лжм зищлжм
ДввЮдабжч йбЮдабжч ЪаШ лж Microsoft Flight Simulator 4, зжм зижйнтиЬа Ю
[36mAcroBase[37m йлак ШиоЬажЯубЬк лЮк. ДхдШа Шзцнжалжк АЬиждШмзЮЪабук лжм
ПШдЬзайлЮгхжм лжм ЛсдлйЬйлЬи. ХЬаиайлук ймйлугШлжк Шзж лШ лтвЮ лжм 1992.!)

!0l!4i!J[32mСлтважк ХШгцЫиШбШк (Xenios)[37m, лхзжлШ лж йзжмЫШхж Шзвс
бШлснЬиЬ бШа ЩиубЬ бШвжчк ймдЬиЪслЬк йлЮд ЩсйЮ! ДхдШа ж зицЬЫижк лЮк
ЬлШаиЬхШк (ЬхоЬ гтйж :-) )!)
!0l
