[2J[0m[H[36;47m [37;1mÚÄÄÄÄÄÄÄÄÄÄÄÄÄÄÄÄÄÄÄÄÄÄÄÄÄÄÄÄÄÄÄÄ[0;30;47m¿ [2C [37;1mÚÄÄÄÄÄÄÄÄÄÄÄÄÄÄÄÄÄÄÄÄÄÄÄÄÄÄÄÄÄÄÄÄÄÄ[0;30;47m¿ [0m
[30;47m [37;1m³  [0;31;47mC  [34m„ › ¡âª §œ¨ ¦®âª Clubs     [30m³ [2C [37;1m³  [0;31;47mA  [34m¨¦©à§ ¡æª ©˜ª ¢¦š˜¨ ˜©£æª   [30m³ [0m
[30;47m [37;1m³  [0;31;47mO  [34mOff Line Mailer            [30m³ [2C [37;1m³  [0;31;47mU  [34mUNIX ¬§¦©ç©«ž£˜ (acrogate)   [30m³ [0m
[30;47m [37;1m³  [0;31;47mB  [34m€¤˜š¤à©«ã¨ ¦ €¨Ÿ¨à¤        [30m³ [2C [37;1m³  [0;31;47mW  [34m’¦å®¦ª š ˜ š¨á¯ £¦           [30m³ [0m
[30;47m [37;1m³  [0;31;47mQ  [34m„¤ ˜å˜ ˜¤áš¤à©ž £ž¤¬£á«à¤  [30m³ [2C [37;1m³  [0;31;47mR  [34m‰˜«á¢¦š¦  •¨ž©«é¤            [30m³ [0m
[30;47m [37;1m³  [0;31;47mT  [34m’ž¢œ©¬¤¦£ ¢åœª             [30m³ [2C [37;1m³  [0;31;47mG  [34m„¨à«ž£˜«¦¢æš ˜ Gallups       [30m³ [0m
[30;47m [37;1m³  [0;31;47mF  [34m€¨®œå˜ ¨¦š¨á££˜«˜         [30m³ [2C [37;1m³  [0;31;47mŒ  [34m’˜ ¤â˜ £˜ª                   [30m³ [0m
[30;47m [37;1m³  [0;31;47mE  [34m†¢œ¡«¨¦¤ ¡æ ’˜®¬›¨¦£œå¦    [30m³ [2C [37;1m³  [0;31;47m=  [34m¦žŸž« ¡æ £œ¤¦ç „§ ¢¦šé¤     [30m³ [0m
[30;47m [37;1m³  [0;31;47mI  [34m„¤ž£œ¨à« ¡âª ¢ž¨¦­¦¨åœª   [30m³ [2C [37;1m³  [0;31;47m•  [34m„¥¦›¦ª, ’â¢¦ª ®¨ã©œàª        [30m³ [0m
[30;47m [37;1mÀ[0;30;47mÄÄÄÄÄÄÄÄÄÄÄÄÄÄÄÄÄÄÄÄÄÄÄÄÄÄÄÄÄÄÄÄÙ [2C [37;1mÀ[30mÄ[0;30;47mÄÄÄÄÄÄÄÄÄÄÄÄÄÄÄÄÄÄÄÄÄÄÄÄÄÄÄÄÄÄÄÄÄÙ [0m
