[2J[0;1;44m   ‹ž ‰œ¨›¦©¡¦§ ¡ã €©« ¡ã „«˜ ¨œå˜ ˜¨¦®ãª †¢œ¡«¨. „§ ¡¦ ¤à¤å˜ª & „¤ž£â¨[40m
[A[72C[44mà©žª  [40m
[36C[36mÜÜ
[24CÛÛÛÛÛÛÛÛÛÛÛ ÛÛ ÛÛÛÛÛÛÛÛ
[24CÛÛ[7CÛÛ ÛÛ[7CÛÛ
[24CÛÛ[7CÛÛ ÛÛ[7CÛÛ
[24CÛÛ[7CÛÛ ÛÛ[7CÛÛ
[24CÛÛÛÛÛÛÛÛ ÛÛ ÛÛÛÛÛÛÛÛÛÛÛ
[33Cßß
 ÖÄÄÄÄÄÄ¿ ÖÄÄÄÄÄ¿ ÖÄÄÄÄÄÄ¿ ÖÄÄÄÄÄÄ¿ ÖÄÄÄÄÄÄ¿ ÖÄÄÄÄÄÄ¿ ÖÄÄÄÄÄ¿ ÖÄÄÄÄÄ¿
 º ÚÄÄ· ³ º ÚÄ· ³ º ÚÄÄ· ³ º ÚÄÄ· ³ Ó· ÚÄ· ³ º ÚÄÄ· ³ º ÚÄÄÄÙ º ÚÄÄÄÙ
 º ÀÄÄ½ ³ º ³ ÓÄÙ º ÀÄÄ½ ³ º ³  º ³  º ÀÄ½ ³ º ÀÄÄ½ ³ º ÀÄÄÄ¿ º ÀÄ¿
 º ÚÄÄ· ³ º ³ ÖÄ¿ º ÚÄ· ÚÙ º ³  º ³  º ÚÄ· ³ º ÚÄÄ· ³ ÓÄÄÄ· ³ º ÚÄÙ
 º ³  º ³ º ÀÄ½ ³ º ³ º À¿ º ÀÄÄ½ ³ Ö½ ÀÄ½ ³ º ³  º ³ ÖÄÄÄ½ ³ º ÀÄÄÄ¿
 ÓÄÙ  ÓÄÙ ÓÄÄÄÄÄÙ ÓÄÙ ÓÄÄÙ ÓÄÄÄÄÄÄÙ ÓÄÄÄÄÄÄÙ ÓÄÙ  ÓÄÙ ÓÄÄÄÄÄÙ ÓÄÄÄÄÄÙ

!J[37m† [36mAcroBase [37mœå¤˜  œ¨˜© «œ®¤ ¡ã ™á©ž ¡˜  ›œ¤ ¬§¦®¨œé¤œ  «¦¬ª ®¨ã©«œª «žª
£œ ©¬¤›¨¦£âª.!)

!J‡˜ â®œ«œ 25 ¢œ§«á «ž¤ ž£â¨˜, æ§àª æ¢¦  ¦  ®¨ã©«œª «žª AcroBase.
€¤áš¡œª æ£àª š ˜ ˜¤˜™áŸ£ ©ž «à¤ §˜¨œ®¦£â¤à¤ ¬§ž¨œ© é¤ £˜ª ¡¬¨åàª ©œ
hardware, £˜ª ˜¤˜š¡áœ  ¤˜ ž«ã©¦¬£œ œ­' æ©¦¤ ¡˜  œ©œåª «¦ œ§ Ÿ¬£œå«œ,
«ž ©¬¤›¨¦£ã ©˜ª.
„«©  š ˜ §˜¨á›œ š£˜ £œ:!)

  2.000 ›¨®, Ÿ˜ §á¨œ«œ  2.000 ¢œ§«á ®¨ã©œàª,  33 é¨œª §œ¨å§¦¬.
  3.000 ›¨®, Ÿ˜ §á¨œ«œ  3.000 ¢œ§«á ®¨ã©œàª,  50 é¨œª.
  5.000 ›¨®, Ÿ˜ §á¨œ«œ  5.500 ¢œ§«á ®¨ã©œàª,  92 é¨œª §œ¨å§¦¬.
 10.000 ›¨®, Ÿ˜ §á¨œ«œ 12.000 ¢œ§«á ®¨ã©œàª, 200 é¨œª.

  ’ ª ©¬¤›¨¦£âª ©˜ª £§¦¨œå«œ ¤˜ « ª ©«œå¢œ«œ £œ «¦¬ª œ¥ãª «¨æ§¦¬ª:

!C[31mÚÄÄÄÄÄÄÄÄÄÄÄÄÄÄÄÄÄÄÄÄÄÄÄÄ¿       ÚÄÄÄÄÄÄÄÄÄÄÄÄÄÄÄÄÄÄÄÄÄÄÄÄÄÄÄÄÄÄ¿
³ [37m‹œ «˜®¬›¨¦£ ¡ã „§ «˜šã [31m³       ³ [37m‰˜«áŸœ©ž ©«ž¤ „Ÿ¤ ¡ã ’¨á§œ˜ [31m³
³   [37m‘«â¢ ¦ª •˜£æ›¨˜¡˜ª   [31m³       ³[6C[37mŒ¦ 129/628817-07[8C[31m³
³   [37m”à¡. Œâš¨ž 62[8C[31m³       ³ [37m‰˜«áŸœ©ž ©«ž¤ ˆ¦¤ ¡ã ’¨á§œ˜ [31m³
³   [37m11361, €Ÿã¤˜         [31m³       ³[6C[37mŒ¦ 185/23350149         [31m³
ÀÄÄÄÄÄÄÄÄÄÄÄÄÄÄÄÄÄÄÄÄÄÄÄÄÙ       ÀÄÄÄÄÄÄÄÄÄÄÄÄÄÄÄÄÄÄÄÄÄÄÄÄÄÄÄÄÄÄÙ!)

!J‡˜ §¨â§œ  š ˜ £ ˜ ˜¡æ£˜ ­¦¨á ¤˜ ©˜ª œ¤ž£œ¨é©¦¬£œ, æ«  ¦  ©¬¤›¨¦£âª
©¡¦§æ â®¦¬¤ ‹ŽŒŽ «ž ©¬¤«ã¨ž©ž «žª ™á©žª ¡˜  «ž¤ ¡áŸœ ›¬¤˜«ã
£â©˜ ©«˜ §¢˜å© ˜ «à¤ ›¬¤˜«¦«ã«à¤ £˜ª, ˜¤á§«¬¥ž £˜ª.
† œ«˜ ¨å˜ £˜ª â®œ  £ž ¡œ¨›¦©¡¦§ ¡æ ®˜¨˜¡«ã¨˜ ©ç£­à¤˜ £œ «ž¤ ­¦¨¦¢¦š ¡ã
¤¦£¦Ÿœ©å˜ «¦¬ „¢¢ž¤ ¡¦ç ‰¨á«¦¬ª.!)
